(Thu Jun  8 16:07:15 2017):Init SDL/OpenGL GFX Subsystem...
(Thu Jun  8 16:07:15 2017):SDL Version 1.2.15
(Thu Jun  8 16:07:15 2017):Video driver[x11]
(Thu Jun  8 16:07:15 2017):Available Modes
(Thu Jun  8 16:07:15 2017):  3286 x 1080
(Thu Jun  8 16:07:15 2017):  1366 x 768
(Thu Jun  8 16:07:15 2017):  1280 x 1024
(Thu Jun  8 16:07:15 2017):  1280 x 960
(Thu Jun  8 16:07:15 2017):  1280 x 800
(Thu Jun  8 16:07:15 2017):  1152 x 864
(Thu Jun  8 16:07:15 2017):  1024 x 768
(Thu Jun  8 16:07:15 2017):  832 x 624
(Thu Jun  8 16:07:15 2017):  800 x 600
(Thu Jun  8 16:07:15 2017):  720 x 400
(Thu Jun  8 16:07:15 2017):  640 x 480
(Thu Jun  8 16:07:15 2017):VideoInfo->hw_available [0]        
(Thu Jun  8 16:07:15 2017):VideoInfo->wm_available [1]        
(Thu Jun  8 16:07:15 2017):VideoInfo->blit_hw [0]             
(Thu Jun  8 16:07:15 2017):VideoInfo->blit_hw_CC [0]          
(Thu Jun  8 16:07:15 2017):VideoInfo->blit_hw_A [0]           
(Thu Jun  8 16:07:15 2017):VideoInfo->blit_sw [0]             
(Thu Jun  8 16:07:15 2017):VideoInfo->blit_sw_CC [0]          
(Thu Jun  8 16:07:15 2017):VideoInfo->blit_sw_A [0]           
(Thu Jun  8 16:07:15 2017):VideoInfo->blit_fill [0]           
(Thu Jun  8 16:07:15 2017):VideoInfo->video_mem [0]           
(Thu Jun  8 16:07:15 2017):VideoInfo->vfmt->BitsPerPixel [32]  
(Thu Jun  8 16:07:15 2017):VideoInfo->vfmt->BytesPerPixel [4] 
(Thu Jun  8 16:07:15 2017):VideoInfo->vfmt->Rloss [0]         
(Thu Jun  8 16:07:15 2017):VideoInfo->vfmt->Gloss [0]         
(Thu Jun  8 16:07:15 2017):VideoInfo->vfmt->Bloss [0]         
(Thu Jun  8 16:07:15 2017):VideoInfo->vfmt->Aloss [8]         
(Thu Jun  8 16:07:15 2017):VideoInfo->vfmt->Rshift [16]        
(Thu Jun  8 16:07:15 2017):VideoInfo->vfmt->Gshift [8]        
(Thu Jun  8 16:07:15 2017):VideoInfo->vfmt->Bshift [0]        
(Thu Jun  8 16:07:15 2017):VideoInfo->vfmt->Ashift [0]        
(Thu Jun  8 16:07:15 2017):VideoInfo->vfmt->Rmask [16711680]         
(Thu Jun  8 16:07:15 2017):VideoInfo->vfmt->Gmask [65280]         
(Thu Jun  8 16:07:15 2017):VideoInfo->vfmt->Bmask [255]         
(Thu Jun  8 16:07:15 2017):VideoInfo->vfmt->Amask [0]         
(Thu Jun  8 16:07:15 2017):VideoInfo->vfmt->colorkey [0]      
(Thu Jun  8 16:07:15 2017):VideoInfo->vfmt->alpha [255]         
(Thu Jun  8 16:07:15 2017):Software surfaces...
(Thu Jun  8 16:07:17 2017):OpenGL initialized
(Thu Jun  8 16:07:17 2017):Camera initialized
(Thu Jun  8 16:07:17 2017):Loading textures
(Thu Jun  8 16:07:17 2017):[0] base textures loaded
(Thu Jun  8 16:07:17 2017):Can't initialize Default Texture
